+++ <OPERATOR,++><OPERATOR,+>
08 <NUMBER,0><NUMBER,8>
0x.1p-3F <NUMBER,0x.1p-3F>
#
'//' <CHARCON,'//'>
'\'' <CHARCON,'\''>
'\'; <ERROR,'\';>
'\x' <ERROR,'\x'>
'\xF' <CHARCON,'\xF'>
u8"\ufff" <ERROR,u8"\ufff">
u8"\ufFfF" <STRING,u8"\ufFfF">
123abc <ERROR,123abc>

